I'm sorry, but errors were detected in your script. Please correct the
errors listed below, and try again.


File "game/script.rpy", line 1646: Line is indented, but the preceding button statement does not expect a block. Please check this line's indentation. You may have forgotten a colon (:).
    vbox:
    ^

Ren'Py Version: Ren'Py 8.3.7.25031702
Sat Jun 28 09:59:49 2025
